------------------------------------------------------------
Timing Analyzer Summary
------------------------------------------------------------

Type  : Slow 1100mV 85C Model Setup 'clock_divider:inst|tmp'
Slack : -192.703
TNS   : -34056.684

Type  : Slow 1100mV 85C Model Setup 'vga_controller:inst100|column[0]'
Slack : -66.521
TNS   : -567.062

Type  : Slow 1100mV 85C Model Setup 'inst9|pll_0|altera_pll_i|general[0].gpll~PLL_OUTPUT_COUNTER|divclk'
Slack : -7.926
TNS   : -146.512

Type  : Slow 1100mV 85C Model Setup 'ps2_keyboard:inst7|debounce:debounce_ps2_clk|result'
Slack : -7.519
TNS   : -22.452

Type  : Slow 1100mV 85C Model Setup 'inst3|pll_0|altera_pll_i|general[0].gpll~PLL_OUTPUT_COUNTER|divclk'
Slack : -6.428
TNS   : -6.428

Type  : Slow 1100mV 85C Model Setup 'clock_50'
Slack : 16.792
TNS   : 0.000

Type  : Slow 1100mV 85C Model Setup 'inst11|u0|pll_0|altera_pll_i|general[0].gpll~PLL_OUTPUT_COUNTER|divclk'
Slack : 38.996
TNS   : 0.000

Type  : Slow 1100mV 85C Model Hold 'inst9|pll_0|altera_pll_i|general[0].gpll~PLL_OUTPUT_COUNTER|divclk'
Slack : -6.588
TNS   : -79.026

Type  : Slow 1100mV 85C Model Hold 'vga_controller:inst100|column[0]'
Slack : -0.790
TNS   : -1.435

Type  : Slow 1100mV 85C Model Hold 'inst11|u0|pll_0|altera_pll_i|general[0].gpll~PLL_OUTPUT_COUNTER|divclk'
Slack : 0.218
TNS   : 0.000

Type  : Slow 1100mV 85C Model Hold 'clock_50'
Slack : 0.322
TNS   : 0.000

Type  : Slow 1100mV 85C Model Hold 'inst3|pll_0|altera_pll_i|general[0].gpll~PLL_OUTPUT_COUNTER|divclk'
Slack : 0.376
TNS   : 0.000

Type  : Slow 1100mV 85C Model Hold 'clock_divider:inst|tmp'
Slack : 0.443
TNS   : 0.000

Type  : Slow 1100mV 85C Model Hold 'ps2_keyboard:inst7|debounce:debounce_ps2_clk|result'
Slack : 0.727
TNS   : 0.000

Type  : Slow 1100mV 85C Model Minimum Pulse Width 'clock_divider:inst|tmp'
Slack : -2.225
TNS   : -439.010

Type  : Slow 1100mV 85C Model Minimum Pulse Width 'ps2_keyboard:inst7|debounce:debounce_ps2_clk|result'
Slack : -0.394
TNS   : -6.784

Type  : Slow 1100mV 85C Model Minimum Pulse Width 'vga_controller:inst100|column[0]'
Slack : 0.183
TNS   : 0.000

Type  : Slow 1100mV 85C Model Minimum Pulse Width 'inst3|pll_0|altera_pll_i|general[0].gpll~FRACTIONAL_PLL|vcoph[0]'
Slack : 0.325
TNS   : 0.000

Type  : Slow 1100mV 85C Model Minimum Pulse Width 'inst9|pll_0|altera_pll_i|general[0].gpll~FRACTIONAL_PLL|vcoph[0]'
Slack : 0.925
TNS   : 0.000

Type  : Slow 1100mV 85C Model Minimum Pulse Width 'inst11|u0|pll_0|altera_pll_i|general[0].gpll~FRACTIONAL_PLL|vcoph[0]'
Slack : 1.666
TNS   : 0.000

Type  : Slow 1100mV 85C Model Minimum Pulse Width 'inst9|pll_0|altera_pll_i|general[0].gpll~PLL_OUTPUT_COUNTER|divclk'
Slack : 3.937
TNS   : 0.000

Type  : Slow 1100mV 85C Model Minimum Pulse Width 'clock_50'
Slack : 9.211
TNS   : 0.000

Type  : Slow 1100mV 85C Model Minimum Pulse Width 'clk_in'
Slack : 9.900
TNS   : 0.000

Type  : Slow 1100mV 85C Model Minimum Pulse Width 'inst3|pll_0|altera_pll_i|general[0].gpll~PLL_OUTPUT_COUNTER|divclk'
Slack : 19.154
TNS   : 0.000

Type  : Slow 1100mV 85C Model Minimum Pulse Width 'inst11|u0|pll_0|altera_pll_i|general[0].gpll~PLL_OUTPUT_COUNTER|divclk'
Slack : 40.429
TNS   : 0.000

Type  : Slow 1100mV 0C Model Setup 'clock_divider:inst|tmp'
Slack : -195.531
TNS   : -33178.856

Type  : Slow 1100mV 0C Model Setup 'vga_controller:inst100|column[0]'
Slack : -68.966
TNS   : -576.841

Type  : Slow 1100mV 0C Model Setup 'ps2_keyboard:inst7|debounce:debounce_ps2_clk|result'
Slack : -7.522
TNS   : -21.304

Type  : Slow 1100mV 0C Model Setup 'inst9|pll_0|altera_pll_i|general[0].gpll~PLL_OUTPUT_COUNTER|divclk'
Slack : -7.155
TNS   : -129.394

Type  : Slow 1100mV 0C Model Setup 'inst3|pll_0|altera_pll_i|general[0].gpll~PLL_OUTPUT_COUNTER|divclk'
Slack : -5.866
TNS   : -5.866

Type  : Slow 1100mV 0C Model Setup 'clock_50'
Slack : 16.942
TNS   : 0.000

Type  : Slow 1100mV 0C Model Setup 'inst11|u0|pll_0|altera_pll_i|general[0].gpll~PLL_OUTPUT_COUNTER|divclk'
Slack : 39.244
TNS   : 0.000

Type  : Slow 1100mV 0C Model Hold 'inst9|pll_0|altera_pll_i|general[0].gpll~PLL_OUTPUT_COUNTER|divclk'
Slack : -6.589
TNS   : -79.085

Type  : Slow 1100mV 0C Model Hold 'vga_controller:inst100|column[0]'
Slack : -0.868
TNS   : -1.611

Type  : Slow 1100mV 0C Model Hold 'inst11|u0|pll_0|altera_pll_i|general[0].gpll~PLL_OUTPUT_COUNTER|divclk'
Slack : 0.281
TNS   : 0.000

Type  : Slow 1100mV 0C Model Hold 'clock_50'
Slack : 0.299
TNS   : 0.000

Type  : Slow 1100mV 0C Model Hold 'inst3|pll_0|altera_pll_i|general[0].gpll~PLL_OUTPUT_COUNTER|divclk'
Slack : 0.376
TNS   : 0.000

Type  : Slow 1100mV 0C Model Hold 'clock_divider:inst|tmp'
Slack : 0.437
TNS   : 0.000

Type  : Slow 1100mV 0C Model Hold 'ps2_keyboard:inst7|debounce:debounce_ps2_clk|result'
Slack : 0.709
TNS   : 0.000

Type  : Slow 1100mV 0C Model Minimum Pulse Width 'clock_divider:inst|tmp'
Slack : -2.225
TNS   : -435.727

Type  : Slow 1100mV 0C Model Minimum Pulse Width 'ps2_keyboard:inst7|debounce:debounce_ps2_clk|result'
Slack : -0.394
TNS   : -6.718

Type  : Slow 1100mV 0C Model Minimum Pulse Width 'vga_controller:inst100|column[0]'
Slack : 0.164
TNS   : 0.000

Type  : Slow 1100mV 0C Model Minimum Pulse Width 'inst3|pll_0|altera_pll_i|general[0].gpll~FRACTIONAL_PLL|vcoph[0]'
Slack : 0.325
TNS   : 0.000

Type  : Slow 1100mV 0C Model Minimum Pulse Width 'inst9|pll_0|altera_pll_i|general[0].gpll~FRACTIONAL_PLL|vcoph[0]'
Slack : 0.925
TNS   : 0.000

Type  : Slow 1100mV 0C Model Minimum Pulse Width 'inst11|u0|pll_0|altera_pll_i|general[0].gpll~FRACTIONAL_PLL|vcoph[0]'
Slack : 1.666
TNS   : 0.000

Type  : Slow 1100mV 0C Model Minimum Pulse Width 'inst9|pll_0|altera_pll_i|general[0].gpll~PLL_OUTPUT_COUNTER|divclk'
Slack : 3.895
TNS   : 0.000

Type  : Slow 1100mV 0C Model Minimum Pulse Width 'clock_50'
Slack : 9.282
TNS   : 0.000

Type  : Slow 1100mV 0C Model Minimum Pulse Width 'clk_in'
Slack : 9.926
TNS   : 0.000

Type  : Slow 1100mV 0C Model Minimum Pulse Width 'inst3|pll_0|altera_pll_i|general[0].gpll~PLL_OUTPUT_COUNTER|divclk'
Slack : 19.110
TNS   : 0.000

Type  : Slow 1100mV 0C Model Minimum Pulse Width 'inst11|u0|pll_0|altera_pll_i|general[0].gpll~PLL_OUTPUT_COUNTER|divclk'
Slack : 40.403
TNS   : 0.000

Type  : Fast 1100mV 85C Model Setup 'clock_divider:inst|tmp'
Slack : -108.302
TNS   : -21972.493

Type  : Fast 1100mV 85C Model Setup 'vga_controller:inst100|column[0]'
Slack : -35.825
TNS   : -307.732

Type  : Fast 1100mV 85C Model Setup 'inst9|pll_0|altera_pll_i|general[0].gpll~PLL_OUTPUT_COUNTER|divclk'
Slack : -6.519
TNS   : -114.287

Type  : Fast 1100mV 85C Model Setup 'inst3|pll_0|altera_pll_i|general[0].gpll~PLL_OUTPUT_COUNTER|divclk'
Slack : -5.247
TNS   : -5.247

Type  : Fast 1100mV 85C Model Setup 'ps2_keyboard:inst7|debounce:debounce_ps2_clk|result'
Slack : -4.263
TNS   : -10.397

Type  : Fast 1100mV 85C Model Setup 'clock_50'
Slack : 18.143
TNS   : 0.000

Type  : Fast 1100mV 85C Model Setup 'inst11|u0|pll_0|altera_pll_i|general[0].gpll~PLL_OUTPUT_COUNTER|divclk'
Slack : 40.133
TNS   : 0.000

Type  : Fast 1100mV 85C Model Hold 'inst9|pll_0|altera_pll_i|general[0].gpll~PLL_OUTPUT_COUNTER|divclk'
Slack : -3.716
TNS   : -44.586

Type  : Fast 1100mV 85C Model Hold 'vga_controller:inst100|column[0]'
Slack : -0.549
TNS   : -1.011

Type  : Fast 1100mV 85C Model Hold 'inst11|u0|pll_0|altera_pll_i|general[0].gpll~PLL_OUTPUT_COUNTER|divclk'
Slack : 0.140
TNS   : 0.000

Type  : Fast 1100mV 85C Model Hold 'clock_divider:inst|tmp'
Slack : 0.165
TNS   : 0.000

Type  : Fast 1100mV 85C Model Hold 'clock_50'
Slack : 0.178
TNS   : 0.000

Type  : Fast 1100mV 85C Model Hold 'inst3|pll_0|altera_pll_i|general[0].gpll~PLL_OUTPUT_COUNTER|divclk'
Slack : 0.200
TNS   : 0.000

Type  : Fast 1100mV 85C Model Hold 'ps2_keyboard:inst7|debounce:debounce_ps2_clk|result'
Slack : 0.421
TNS   : 0.000

Type  : Fast 1100mV 85C Model Minimum Pulse Width 'clock_divider:inst|tmp'
Slack : -1.702
TNS   : -60.275

Type  : Fast 1100mV 85C Model Minimum Pulse Width 'ps2_keyboard:inst7|debounce:debounce_ps2_clk|result'
Slack : 0.124
TNS   : 0.000

Type  : Fast 1100mV 85C Model Minimum Pulse Width 'vga_controller:inst100|column[0]'
Slack : 0.323
TNS   : 0.000

Type  : Fast 1100mV 85C Model Minimum Pulse Width 'inst3|pll_0|altera_pll_i|general[0].gpll~FRACTIONAL_PLL|vcoph[0]'
Slack : 0.325
TNS   : 0.000

Type  : Fast 1100mV 85C Model Minimum Pulse Width 'inst9|pll_0|altera_pll_i|general[0].gpll~FRACTIONAL_PLL|vcoph[0]'
Slack : 0.925
TNS   : 0.000

Type  : Fast 1100mV 85C Model Minimum Pulse Width 'inst11|u0|pll_0|altera_pll_i|general[0].gpll~FRACTIONAL_PLL|vcoph[0]'
Slack : 1.666
TNS   : 0.000

Type  : Fast 1100mV 85C Model Minimum Pulse Width 'inst9|pll_0|altera_pll_i|general[0].gpll~PLL_OUTPUT_COUNTER|divclk'
Slack : 4.185
TNS   : 0.000

Type  : Fast 1100mV 85C Model Minimum Pulse Width 'clock_50'
Slack : 9.097
TNS   : 0.000

Type  : Fast 1100mV 85C Model Minimum Pulse Width 'clk_in'
Slack : 9.643
TNS   : 0.000

Type  : Fast 1100mV 85C Model Minimum Pulse Width 'inst3|pll_0|altera_pll_i|general[0].gpll~PLL_OUTPUT_COUNTER|divclk'
Slack : 19.407
TNS   : 0.000

Type  : Fast 1100mV 85C Model Minimum Pulse Width 'inst11|u0|pll_0|altera_pll_i|general[0].gpll~PLL_OUTPUT_COUNTER|divclk'
Slack : 40.548
TNS   : 0.000

Type  : Fast 1100mV 0C Model Setup 'clock_divider:inst|tmp'
Slack : -101.195
TNS   : -19551.656

Type  : Fast 1100mV 0C Model Setup 'vga_controller:inst100|column[0]'
Slack : -34.138
TNS   : -284.548

Type  : Fast 1100mV 0C Model Setup 'inst9|pll_0|altera_pll_i|general[0].gpll~PLL_OUTPUT_COUNTER|divclk'
Slack : -5.308
TNS   : -91.030

Type  : Fast 1100mV 0C Model Setup 'inst3|pll_0|altera_pll_i|general[0].gpll~PLL_OUTPUT_COUNTER|divclk'
Slack : -4.271
TNS   : -4.271

Type  : Fast 1100mV 0C Model Setup 'ps2_keyboard:inst7|debounce:debounce_ps2_clk|result'
Slack : -4.203
TNS   : -8.786

Type  : Fast 1100mV 0C Model Setup 'clock_50'
Slack : 18.327
TNS   : 0.000

Type  : Fast 1100mV 0C Model Setup 'inst11|u0|pll_0|altera_pll_i|general[0].gpll~PLL_OUTPUT_COUNTER|divclk'
Slack : 40.317
TNS   : 0.000

Type  : Fast 1100mV 0C Model Hold 'inst9|pll_0|altera_pll_i|general[0].gpll~PLL_OUTPUT_COUNTER|divclk'
Slack : -3.709
TNS   : -44.502

Type  : Fast 1100mV 0C Model Hold 'vga_controller:inst100|column[0]'
Slack : -0.560
TNS   : -1.038

Type  : Fast 1100mV 0C Model Hold 'inst11|u0|pll_0|altera_pll_i|general[0].gpll~PLL_OUTPUT_COUNTER|divclk'
Slack : 0.145
TNS   : 0.000

Type  : Fast 1100mV 0C Model Hold 'clock_divider:inst|tmp'
Slack : 0.150
TNS   : 0.000

Type  : Fast 1100mV 0C Model Hold 'clock_50'
Slack : 0.170
TNS   : 0.000

Type  : Fast 1100mV 0C Model Hold 'inst3|pll_0|altera_pll_i|general[0].gpll~PLL_OUTPUT_COUNTER|divclk'
Slack : 0.189
TNS   : 0.000

Type  : Fast 1100mV 0C Model Hold 'ps2_keyboard:inst7|debounce:debounce_ps2_clk|result'
Slack : 0.364
TNS   : 0.000

Type  : Fast 1100mV 0C Model Minimum Pulse Width 'clock_divider:inst|tmp'
Slack : -1.702
TNS   : -44.973

Type  : Fast 1100mV 0C Model Minimum Pulse Width 'ps2_keyboard:inst7|debounce:debounce_ps2_clk|result'
Slack : 0.110
TNS   : 0.000

Type  : Fast 1100mV 0C Model Minimum Pulse Width 'inst3|pll_0|altera_pll_i|general[0].gpll~FRACTIONAL_PLL|vcoph[0]'
Slack : 0.325
TNS   : 0.000

Type  : Fast 1100mV 0C Model Minimum Pulse Width 'vga_controller:inst100|column[0]'
Slack : 0.347
TNS   : 0.000

Type  : Fast 1100mV 0C Model Minimum Pulse Width 'inst9|pll_0|altera_pll_i|general[0].gpll~FRACTIONAL_PLL|vcoph[0]'
Slack : 0.925
TNS   : 0.000

Type  : Fast 1100mV 0C Model Minimum Pulse Width 'inst11|u0|pll_0|altera_pll_i|general[0].gpll~FRACTIONAL_PLL|vcoph[0]'
Slack : 1.666
TNS   : 0.000

Type  : Fast 1100mV 0C Model Minimum Pulse Width 'inst9|pll_0|altera_pll_i|general[0].gpll~PLL_OUTPUT_COUNTER|divclk'
Slack : 4.176
TNS   : 0.000

Type  : Fast 1100mV 0C Model Minimum Pulse Width 'clock_50'
Slack : 9.061
TNS   : 0.000

Type  : Fast 1100mV 0C Model Minimum Pulse Width 'clk_in'
Slack : 9.632
TNS   : 0.000

Type  : Fast 1100mV 0C Model Minimum Pulse Width 'inst3|pll_0|altera_pll_i|general[0].gpll~PLL_OUTPUT_COUNTER|divclk'
Slack : 19.401
TNS   : 0.000

Type  : Fast 1100mV 0C Model Minimum Pulse Width 'inst11|u0|pll_0|altera_pll_i|general[0].gpll~PLL_OUTPUT_COUNTER|divclk'
Slack : 40.550
TNS   : 0.000

------------------------------------------------------------
