------------------------------------------------------------
Timing Analyzer Summary
------------------------------------------------------------

Type  : Slow 1100mV 85C Model Setup 'Clock_Divider:inst4|tmp'
Slack : -119.334
TNS   : -8386.596

Type  : Slow 1100mV 85C Model Setup 'inst3|pll_0|altera_pll_i|general[0].gpll~PLL_OUTPUT_COUNTER|divclk'
Slack : -6.815
TNS   : -6.815

Type  : Slow 1100mV 85C Model Setup 'keys[0]'
Slack : -3.618
TNS   : -6.937

Type  : Slow 1100mV 85C Model Hold 'inst3|pll_0|altera_pll_i|general[0].gpll~PLL_OUTPUT_COUNTER|divclk'
Slack : 0.380
TNS   : 0.000

Type  : Slow 1100mV 85C Model Hold 'Clock_Divider:inst4|tmp'
Slack : 0.551
TNS   : 0.000

Type  : Slow 1100mV 85C Model Hold 'keys[0]'
Slack : 1.233
TNS   : 0.000

Type  : Slow 1100mV 85C Model Minimum Pulse Width 'Clock_Divider:inst4|tmp'
Slack : -2.225
TNS   : -146.927

Type  : Slow 1100mV 85C Model Minimum Pulse Width 'keys[0]'
Slack : 0.207
TNS   : 0.000

Type  : Slow 1100mV 85C Model Minimum Pulse Width 'inst3|pll_0|altera_pll_i|general[0].gpll~FRACTIONAL_PLL|vcoph[0]'
Slack : 0.325
TNS   : 0.000

Type  : Slow 1100mV 85C Model Minimum Pulse Width 'clk_in'
Slack : 9.900
TNS   : 0.000

Type  : Slow 1100mV 85C Model Minimum Pulse Width 'inst3|pll_0|altera_pll_i|general[0].gpll~PLL_OUTPUT_COUNTER|divclk'
Slack : 19.157
TNS   : 0.000

Type  : Slow 1100mV 0C Model Setup 'Clock_Divider:inst4|tmp'
Slack : -123.414
TNS   : -8614.546

Type  : Slow 1100mV 0C Model Setup 'inst3|pll_0|altera_pll_i|general[0].gpll~PLL_OUTPUT_COUNTER|divclk'
Slack : -6.083
TNS   : -6.083

Type  : Slow 1100mV 0C Model Setup 'keys[0]'
Slack : -3.552
TNS   : -6.798

Type  : Slow 1100mV 0C Model Hold 'inst3|pll_0|altera_pll_i|general[0].gpll~PLL_OUTPUT_COUNTER|divclk'
Slack : 0.380
TNS   : 0.000

Type  : Slow 1100mV 0C Model Hold 'Clock_Divider:inst4|tmp'
Slack : 0.541
TNS   : 0.000

Type  : Slow 1100mV 0C Model Hold 'keys[0]'
Slack : 0.940
TNS   : 0.000

Type  : Slow 1100mV 0C Model Minimum Pulse Width 'Clock_Divider:inst4|tmp'
Slack : -2.225
TNS   : -144.430

Type  : Slow 1100mV 0C Model Minimum Pulse Width 'keys[0]'
Slack : 0.194
TNS   : 0.000

Type  : Slow 1100mV 0C Model Minimum Pulse Width 'inst3|pll_0|altera_pll_i|general[0].gpll~FRACTIONAL_PLL|vcoph[0]'
Slack : 0.325
TNS   : 0.000

Type  : Slow 1100mV 0C Model Minimum Pulse Width 'clk_in'
Slack : 9.926
TNS   : 0.000

Type  : Slow 1100mV 0C Model Minimum Pulse Width 'inst3|pll_0|altera_pll_i|general[0].gpll~PLL_OUTPUT_COUNTER|divclk'
Slack : 19.113
TNS   : 0.000

Type  : Fast 1100mV 85C Model Setup 'Clock_Divider:inst4|tmp'
Slack : -65.016
TNS   : -4623.337

Type  : Fast 1100mV 85C Model Setup 'inst3|pll_0|altera_pll_i|general[0].gpll~PLL_OUTPUT_COUNTER|divclk'
Slack : -5.175
TNS   : -5.175

Type  : Fast 1100mV 85C Model Setup 'keys[0]'
Slack : -2.451
TNS   : -4.680

Type  : Fast 1100mV 85C Model Hold 'inst3|pll_0|altera_pll_i|general[0].gpll~PLL_OUTPUT_COUNTER|divclk'
Slack : 0.204
TNS   : 0.000

Type  : Fast 1100mV 85C Model Hold 'Clock_Divider:inst4|tmp'
Slack : 0.287
TNS   : 0.000

Type  : Fast 1100mV 85C Model Hold 'keys[0]'
Slack : 0.730
TNS   : 0.000

Type  : Fast 1100mV 85C Model Minimum Pulse Width 'Clock_Divider:inst4|tmp'
Slack : -1.702
TNS   : -50.974

Type  : Fast 1100mV 85C Model Minimum Pulse Width 'keys[0]'
Slack : 0.004
TNS   : 0.000

Type  : Fast 1100mV 85C Model Minimum Pulse Width 'inst3|pll_0|altera_pll_i|general[0].gpll~FRACTIONAL_PLL|vcoph[0]'
Slack : 0.325
TNS   : 0.000

Type  : Fast 1100mV 85C Model Minimum Pulse Width 'clk_in'
Slack : 9.643
TNS   : 0.000

Type  : Fast 1100mV 85C Model Minimum Pulse Width 'inst3|pll_0|altera_pll_i|general[0].gpll~PLL_OUTPUT_COUNTER|divclk'
Slack : 19.411
TNS   : 0.000

Type  : Fast 1100mV 0C Model Setup 'Clock_Divider:inst4|tmp'
Slack : -62.066
TNS   : -4372.159

Type  : Fast 1100mV 0C Model Setup 'inst3|pll_0|altera_pll_i|general[0].gpll~PLL_OUTPUT_COUNTER|divclk'
Slack : -4.111
TNS   : -4.111

Type  : Fast 1100mV 0C Model Setup 'keys[0]'
Slack : -2.225
TNS   : -4.257

Type  : Fast 1100mV 0C Model Hold 'inst3|pll_0|altera_pll_i|general[0].gpll~PLL_OUTPUT_COUNTER|divclk'
Slack : 0.190
TNS   : 0.000

Type  : Fast 1100mV 0C Model Hold 'Clock_Divider:inst4|tmp'
Slack : 0.260
TNS   : 0.000

Type  : Fast 1100mV 0C Model Hold 'keys[0]'
Slack : 0.392
TNS   : 0.000

Type  : Fast 1100mV 0C Model Minimum Pulse Width 'Clock_Divider:inst4|tmp'
Slack : -1.702
TNS   : -43.923

Type  : Fast 1100mV 0C Model Minimum Pulse Width 'keys[0]'
Slack : -0.006
TNS   : -0.012

Type  : Fast 1100mV 0C Model Minimum Pulse Width 'inst3|pll_0|altera_pll_i|general[0].gpll~FRACTIONAL_PLL|vcoph[0]'
Slack : 0.325
TNS   : 0.000

Type  : Fast 1100mV 0C Model Minimum Pulse Width 'clk_in'
Slack : 9.632
TNS   : 0.000

Type  : Fast 1100mV 0C Model Minimum Pulse Width 'inst3|pll_0|altera_pll_i|general[0].gpll~PLL_OUTPUT_COUNTER|divclk'
Slack : 19.402
TNS   : 0.000

------------------------------------------------------------
